C:\Windows\system32>cd C:\Users\User\Desktop\Fusion\Database automation\Stats Can\LTO-Util-Software-f_data_sync

C:\Users\User\Desktop\Fusion\Database automation\Stats Can\LTO-Util-Software-f_data_sync>python setup.py install
running install
error: can't create or remove files in install directory

The following error occurred while trying to add or remove files in the
installation directory:

    [Errno 13] Permission denied: 'C:\\Program Files\\WindowsApps\\PythonSoftwareFoundation.Python.3.9_3.9.1520.0_x64__qbz5n2kfra8p0\\Lib\\site-packages\\test-easy-install-11320.write-test'

The installation directory you specified (via --install-dir, --prefix, or
the distutils default setting) was:

    C:\Program Files\WindowsApps\PythonSoftwareFoundation.Python.3.9_3.9.1520.0_x64__qbz5n2kfra8p0\Lib\site-packages\

Perhaps your account does not have write access to this directory?  If the
installation directory is a system-owned directory, you may need to sign in
as the administrator or "root" account.  If you do not have administrative
access to this machine, you may wish to choose a different installation
directory, preferably one that is listed in your PYTHONPATH environment
variable.

For information on other options, you may wish to consult the
documentation at:

  https://setuptools.readthedocs.io/en/latest/easy_install.html

Please make the appropriate changes for your system and try again.


C:\Users\User\Desktop\Fusion\Database automation\Stats Can\LTO-Util-Software-f_data_sync>which pyton
'which' is not recognized as an internal or external command,
operable program or batch file.

C:\Users\User\Desktop\Fusion\Database automation\Stats Can\LTO-Util-Software-f_data_sync>where python
C:\Users\User\AppData\Local\Microsoft\WindowsApps\python.exe

C:\Users\User\Desktop\Fusion\Database automation\Stats Can\LTO-Util-Software-f_data_sync>pip

Usage:
  C:\Users\User\AppData\Local\Microsoft\WindowsApps\PythonSoftwareFoundation.Python.3.9_qbz5n2kfra8p0\python.exe -m pip <command> [options]

Commands:
  install                     Install packages.
  download                    Download packages.
  uninstall                   Uninstall packages.
  freeze                      Output installed packages in requirements format.
  list                        List installed packages.
  show                        Show information about installed packages.
  check                       Verify installed packages have compatible dependencies.
  config                      Manage local and global configuration.
  search                      Search PyPI for packages.
  cache                       Inspect and manage pip's wheel cache.
  wheel                       Build wheels from your requirements.
  hash                        Compute hashes of package archives.
  completion                  A helper command used for command completion.
  debug                       Show information useful for debugging.
  help                        Show help for commands.

General Options:
  -h, --help                  Show help.
  --isolated                  Run pip in an isolated mode, ignoring environment variables and user configuration.
  -v, --verbose               Give more output. Option is additive, and can be used up to 3 times.
  -V, --version               Show version and exit.
  -q, --quiet                 Give less output. Option is additive, and can be used up to 3 times (corresponding to
                              WARNING, ERROR, and CRITICAL logging levels).
  --log <path>                Path to a verbose appending log.
  --no-input                  Disable prompting for input.
  --proxy <proxy>             Specify a proxy in the form [user:passwd@]proxy.server:port.
  --retries <retries>         Maximum number of retries each connection should attempt (default 5 times).
  --timeout <sec>             Set the socket timeout (default 15 seconds).
  --exists-action <action>    Default action when a path already exists: (s)witch, (i)gnore, (w)ipe, (b)ackup,
                              (a)bort.
  --trusted-host <hostname>   Mark this host or host:port pair as trusted, even though it does not have valid or any
                              HTTPS.
  --cert <path>               Path to PEM-encoded CA certificate bundle. If provided, overrides the default. See 'SSL
                              Certificate Verification' in pip documentation for more information.
  --client-cert <path>        Path to SSL client certificate, a single file containing the private key and the
                              certificate in PEM format.
  --cache-dir <dir>           Store the cache data in <dir>.
  --no-cache-dir              Disable the cache.
  --disable-pip-version-check
                              Don't periodically check PyPI to determine whether a new version of pip is available for
                              download. Implied with --no-index.
  --no-color                  Suppress colored output.
  --no-python-version-warning
                              Silence deprecation warnings for upcoming unsupported Pythons.
  --use-feature <feature>     Enable new functionality, that may be backward incompatible.
  --use-deprecated <feature>  Enable deprecated functionality, that will be removed in the future.

C:\Users\User\Desktop\Fusion\Database automation\Stats Can\LTO-Util-Software-f_data_sync>where pip
C:\Users\User\AppData\Local\Microsoft\WindowsApps\pip.exe

C:\Users\User\Desktop\Fusion\Database automation\Stats Can\LTO-Util-Software-f_data_sync>echo %path%
C:\Windows\system32;C:\Windows;C:\Windows\System32\Wbem;C:\Windows\System32\WindowsPowerShell\v1.0\;C:\Windows\System32\OpenSSH\;C:\Program Files\Microsoft VS Code\bin;C:\Program Files\Git\cmd;C:\Users\User\AppData\Local\Microsoft\WindowsApps;C:\Users\User\AppData\Local\Programs\Microsoft VS Code\bin;C:\Users\User\AppData\Local\GitHubDesktop\bin;C:\Users\User\Desktop\Fusion\Database automation\Stats Can\stats_hub

C:\Users\User\Desktop\Fusion\Database automation\Stats Can\LTO-Util-Software-f_data_sync>pip list
Package                Version
---------------------- ---------
argon2-cffi            20.1.0
astroid                2.5.6
async-generator        1.10
attrs                  21.2.0
autopep8               1.5.7
backcall               0.2.0
beautifulsoup4         4.9.3
bleach                 3.3.0
bs4                    0.0.1
certifi                2021.5.30
cffi                   1.14.5
chardet                4.0.0
colorama               0.4.4
cycler                 0.10.0
decorator              5.0.9
defusedxml             0.7.1
Deprecated             1.2.12
entrypoints            0.3
greenlet               1.1.0
idna                   2.10
importlib-metadata     4.5.0
ipykernel              5.5.5
ipython                7.24.1
ipython-genutils       0.2.0
ipywidgets             7.6.3
isort                  5.8.0
jedi                   0.18.0
Jinja2                 3.0.1
jsonschema             3.2.0
jupyter                1.0.0
jupyter-client         6.1.12
jupyter-console        6.4.0
jupyter-core           4.7.1
jupyterlab-pygments    0.1.2
jupyterlab-widgets     1.0.0
keyring                23.0.1
kiwisolver             1.3.1
lazy-object-proxy      1.6.0
MarkupSafe             2.0.1
matplotlib             3.4.2
matplotlib-inline      0.1.2
mccabe                 0.6.1
mistune                0.8.4
mysql-connector-python 8.0.25
nbclient               0.5.3
nbconvert              6.0.7
nbformat               5.1.3
nest-asyncio           1.5.1
notebook               6.4.0
numpy                  1.20.3
packaging              20.9
pandas                 1.2.4
pandocfilters          1.4.3
parso                  0.8.2
pep8                   1.7.1
pickleshare            0.7.5
Pillow                 8.2.0
pip                    21.1.2
prometheus-client      0.11.0
prompt-toolkit         3.0.18
protobuf               3.17.3
pycodestyle            2.7.0
pycparser              2.20
pycryptodomex          3.10.1
Pygments               2.9.0
pylint                 2.8.3
pyparsing              2.4.7
pyrsistent             0.17.3
python-dateutil        2.8.1
pytz                   2021.1
pywin32                301
pywin32-ctypes         0.2.0
pywinpty               1.1.2
pyzmq                  22.1.0
qtconsole              5.1.0
QtPy                   1.9.0
requests               2.25.1
Send2Trash             1.5.0
six                    1.16.0
soupsieve              2.2.1
SQLAlchemy             1.4.18
terminado              0.10.1
testpath               0.5.0
toml                   0.10.2
tornado                6.1
traitlets              5.0.5
typed-ast              1.4.3
urllib3                1.26.5
wcwidth                0.2.5
webencodings           0.5.1
wheel                  0.36.2
widgetsnbextension     3.5.1
wrapt                  1.12.1
zipp                   3.4.1

C:\Users\User\Desktop\Fusion\Database automation\Stats Can\LTO-Util-Software-f_data_sync>dir
 Volume in drive C has no label.
 Volume Serial Number is B614-6956

 Directory of C:\Users\User\Desktop\Fusion\Database automation\Stats Can\LTO-Util-Software-f_data_sync

06/18/2021  09:36 AM    <DIR>          .
06/18/2021  09:36 AM    <DIR>          ..
06/18/2021  09:34 AM               313 .editorconfig
06/18/2021  09:34 AM    <DIR>          .github
06/18/2021  09:34 AM             1,334 .gitignore
06/18/2021  09:34 AM               725 .travis.yml
06/18/2021  09:34 AM               183 AUTHORS.rst
06/18/2021  09:34 AM             3,726 CONTRIBUTING.rst
06/18/2021  09:34 AM    <DIR>          docs
06/18/2021  09:34 AM    <DIR>          examples
06/18/2021  09:34 AM    <DIR>          f_data_sync
06/18/2021  09:34 AM                97 HISTORY.rst
06/18/2021  09:34 AM             1,098 LICENSE
06/18/2021  09:34 AM             2,298 Makefile
06/18/2021  09:34 AM               273 MANIFEST.in
06/18/2021  09:34 AM               108 pyproject.toml
06/18/2021  09:34 AM               753 README.rst
06/18/2021  09:34 AM               102 requirements_dev.txt
06/18/2021  09:34 AM             2,304 setup.cfg
06/18/2021  09:34 AM             1,673 setup.py
06/18/2021  09:34 AM    <DIR>          tests
06/18/2021  09:34 AM               589 tox.ini
              15 File(s)         15,576 bytes
               7 Dir(s)  365,518,016,512 bytes free

C:\Users\User\Desktop\Fusion\Database automation\Stats Can\LTO-Util-Software-f_data_sync>python setup.py bdist_wheel
running bdist_wheel
running build
running build_py
creating build
creating build\lib
creating build\lib\f_data_sync
copying f_data_sync\cli.py -> build\lib\f_data_sync
copying f_data_sync\f_data_sync.py -> build\lib\f_data_sync
copying f_data_sync\__init__.py -> build\lib\f_data_sync
creating build\lib\f_data_sync\dump_data
copying f_data_sync\dump_data\__init__.py -> build\lib\f_data_sync\dump_data
creating build\lib\f_data_sync\output_data
copying f_data_sync\output_data\__init__.py -> build\lib\f_data_sync\output_data
creating build\lib\f_data_sync\read_data
copying f_data_sync\read_data\__init__.py -> build\lib\f_data_sync\read_data
creating build\lib\f_data_sync\sql_driver
copying f_data_sync\sql_driver\base.py -> build\lib\f_data_sync\sql_driver
copying f_data_sync\sql_driver\mysql.py -> build\lib\f_data_sync\sql_driver
copying f_data_sync\sql_driver\snowflake.py -> build\lib\f_data_sync\sql_driver
copying f_data_sync\sql_driver\sqlite.py -> build\lib\f_data_sync\sql_driver
copying f_data_sync\sql_driver\__init__.py -> build\lib\f_data_sync\sql_driver
creating build\lib\f_data_sync\sql_operation
copying f_data_sync\sql_operation\__init__.py -> build\lib\f_data_sync\sql_operation
creating build\lib\f_data_sync\utils
copying f_data_sync\utils\zz__snowflake_utils.py -> build\lib\f_data_sync\utils
copying f_data_sync\utils\__init__.py -> build\lib\f_data_sync\utils
running egg_info
creating f_data_sync.egg-info
writing f_data_sync.egg-info\PKG-INFO
writing dependency_links to f_data_sync.egg-info\dependency_links.txt
writing entry points to f_data_sync.egg-info\entry_points.txt
writing requirements to f_data_sync.egg-info\requires.txt
writing top-level names to f_data_sync.egg-info\top_level.txt
writing manifest file 'f_data_sync.egg-info\SOURCES.txt'
adding license file 'LICENSE' (matched pattern 'LICEN[CS]E*')
adding license file 'AUTHORS.rst' (matched pattern 'AUTHORS*')
reading manifest file 'f_data_sync.egg-info\SOURCES.txt'
reading manifest template 'MANIFEST.in'
warning: no previously-included files matching '__pycache__' found under directory '*'
warning: no previously-included files matching '*.py[co]' found under directory '*'
warning: no files found matching '*.jpg' under directory 'docs'
warning: no files found matching '*.png' under directory 'docs'
warning: no files found matching '*.gif' under directory 'docs'
writing manifest file 'f_data_sync.egg-info\SOURCES.txt'
installing to build\bdist.win-amd64\wheel
running install
running install_lib
creating build\bdist.win-amd64
creating build\bdist.win-amd64\wheel
creating build\bdist.win-amd64\wheel\f_data_sync
copying build\lib\f_data_sync\cli.py -> build\bdist.win-amd64\wheel\.\f_data_sync
creating build\bdist.win-amd64\wheel\f_data_sync\dump_data
copying build\lib\f_data_sync\dump_data\__init__.py -> build\bdist.win-amd64\wheel\.\f_data_sync\dump_data
copying build\lib\f_data_sync\f_data_sync.py -> build\bdist.win-amd64\wheel\.\f_data_sync
creating build\bdist.win-amd64\wheel\f_data_sync\output_data
copying build\lib\f_data_sync\output_data\__init__.py -> build\bdist.win-amd64\wheel\.\f_data_sync\output_data
creating build\bdist.win-amd64\wheel\f_data_sync\read_data
copying build\lib\f_data_sync\read_data\__init__.py -> build\bdist.win-amd64\wheel\.\f_data_sync\read_data
creating build\bdist.win-amd64\wheel\f_data_sync\sql_driver
copying build\lib\f_data_sync\sql_driver\base.py -> build\bdist.win-amd64\wheel\.\f_data_sync\sql_driver
copying build\lib\f_data_sync\sql_driver\mysql.py -> build\bdist.win-amd64\wheel\.\f_data_sync\sql_driver
copying build\lib\f_data_sync\sql_driver\snowflake.py -> build\bdist.win-amd64\wheel\.\f_data_sync\sql_driver
copying build\lib\f_data_sync\sql_driver\sqlite.py -> build\bdist.win-amd64\wheel\.\f_data_sync\sql_driver
copying build\lib\f_data_sync\sql_driver\__init__.py -> build\bdist.win-amd64\wheel\.\f_data_sync\sql_driver
creating build\bdist.win-amd64\wheel\f_data_sync\sql_operation
copying build\lib\f_data_sync\sql_operation\__init__.py -> build\bdist.win-amd64\wheel\.\f_data_sync\sql_operation
creating build\bdist.win-amd64\wheel\f_data_sync\utils
copying build\lib\f_data_sync\utils\zz__snowflake_utils.py -> build\bdist.win-amd64\wheel\.\f_data_sync\utils
copying build\lib\f_data_sync\utils\__init__.py -> build\bdist.win-amd64\wheel\.\f_data_sync\utils
copying build\lib\f_data_sync\__init__.py -> build\bdist.win-amd64\wheel\.\f_data_sync
running install_egg_info
Copying f_data_sync.egg-info to build\bdist.win-amd64\wheel\.\f_data_sync-0.8.3-py3.9.egg-info
running install_scripts
adding license file "LICENSE" (matched pattern "LICEN[CS]E*")
adding license file "AUTHORS.rst" (matched pattern "AUTHORS*")
creating build\bdist.win-amd64\wheel\f_data_sync-0.8.3.dist-info\WHEEL
creating 'dist\f_data_sync-0.8.3-py2.py3-none-any.whl' and adding 'build\bdist.win-amd64\wheel' to it
adding 'f_data_sync/__init__.py'
adding 'f_data_sync/cli.py'
adding 'f_data_sync/f_data_sync.py'
adding 'f_data_sync/dump_data/__init__.py'
adding 'f_data_sync/output_data/__init__.py'
adding 'f_data_sync/read_data/__init__.py'
adding 'f_data_sync/sql_driver/__init__.py'
adding 'f_data_sync/sql_driver/base.py'
adding 'f_data_sync/sql_driver/mysql.py'
adding 'f_data_sync/sql_driver/snowflake.py'
adding 'f_data_sync/sql_driver/sqlite.py'
adding 'f_data_sync/sql_operation/__init__.py'
adding 'f_data_sync/utils/__init__.py'
adding 'f_data_sync/utils/zz__snowflake_utils.py'
adding 'f_data_sync-0.8.3.dist-info/AUTHORS.rst'
adding 'f_data_sync-0.8.3.dist-info/LICENSE'
adding 'f_data_sync-0.8.3.dist-info/METADATA'
adding 'f_data_sync-0.8.3.dist-info/WHEEL'
adding 'f_data_sync-0.8.3.dist-info/entry_points.txt'
adding 'f_data_sync-0.8.3.dist-info/top_level.txt'
adding 'f_data_sync-0.8.3.dist-info/RECORD'
removing build\bdist.win-amd64\wheel

C:\Users\User\Desktop\Fusion\Database automation\Stats Can\LTO-Util-Software-f_data_sync>dit
'dit' is not recognized as an internal or external command,
operable program or batch file.

C:\Users\User\Desktop\Fusion\Database automation\Stats Can\LTO-Util-Software-f_data_sync>dir
 Volume in drive C has no label.
 Volume Serial Number is B614-6956

 Directory of C:\Users\User\Desktop\Fusion\Database automation\Stats Can\LTO-Util-Software-f_data_sync

06/18/2021  11:09 AM    <DIR>          .
06/18/2021  11:09 AM    <DIR>          ..
06/18/2021  09:34 AM               313 .editorconfig
06/18/2021  09:34 AM    <DIR>          .github
06/18/2021  09:34 AM             1,334 .gitignore
06/18/2021  09:34 AM               725 .travis.yml
06/18/2021  09:34 AM               183 AUTHORS.rst
06/18/2021  11:09 AM    <DIR>          build
06/18/2021  09:34 AM             3,726 CONTRIBUTING.rst
06/18/2021  11:09 AM    <DIR>          dist
06/18/2021  09:34 AM    <DIR>          docs
06/18/2021  09:34 AM    <DIR>          examples
06/18/2021  09:34 AM    <DIR>          f_data_sync
06/18/2021  11:09 AM    <DIR>          f_data_sync.egg-info
06/18/2021  09:34 AM                97 HISTORY.rst
06/18/2021  09:34 AM             1,098 LICENSE
06/18/2021  09:34 AM             2,298 Makefile
06/18/2021  09:34 AM               273 MANIFEST.in
06/18/2021  09:34 AM               108 pyproject.toml
06/18/2021  09:34 AM               753 README.rst
06/18/2021  09:34 AM               102 requirements_dev.txt
06/18/2021  09:34 AM             2,304 setup.cfg
06/18/2021  09:34 AM             1,673 setup.py
06/18/2021  09:34 AM    <DIR>          tests
06/18/2021  09:34 AM               589 tox.ini
              15 File(s)         15,576 bytes
              10 Dir(s)  365,515,898,880 bytes free

C:\Users\User\Desktop\Fusion\Database automation\Stats Can\LTO-Util-Software-f_data_sync>cd dist

C:\Users\User\Desktop\Fusion\Database automation\Stats Can\LTO-Util-Software-f_data_sync\dist>dir
 Volume in drive C has no label.
 Volume Serial Number is B614-6956

 Directory of C:\Users\User\Desktop\Fusion\Database automation\Stats Can\LTO-Util-Software-f_data_sync\dist

06/18/2021  11:09 AM    <DIR>          .
06/18/2021  11:09 AM    <DIR>          ..
06/18/2021  11:09 AM            20,233 f_data_sync-0.8.3-py2.py3-none-any.whl
               1 File(s)         20,233 bytes
               2 Dir(s)  365,515,898,880 bytes free

C:\Users\User\Desktop\Fusion\Database automation\Stats Can\LTO-Util-Software-f_data_sync\dist>pip install f_data_sync-0.8.3-py2.py3-none-any.whl
Processing c:\users\user\desktop\fusion\database automation\stats can\lto-util-software-f_data_sync\dist\f_data_sync-0.8.3-py2.py3-none-any.whl
Requirement already satisfied: deprecated in c:\users\user\appdata\local\packages\pythonsoftwarefoundation.python.3.9_qbz5n2kfra8p0\localcache\local-packages\python39\site-packages (from f-data-sync==0.8.3) (1.2.12)
Collecting Click>=7.0
  Downloading click-8.0.1-py3-none-any.whl (97 kB)
     |████████████████████████████████| 97 kB 830 kB/s
Requirement already satisfied: pandas in c:\users\user\appdata\local\packages\pythonsoftwarefoundation.python.3.9_qbz5n2kfra8p0\localcache\local-packages\python39\site-packages (from f-data-sync==0.8.3) (1.2.4)
Requirement already satisfied: colorama in c:\users\user\appdata\local\packages\pythonsoftwarefoundation.python.3.9_qbz5n2kfra8p0\localcache\local-packages\python39\site-packages (from Click>=7.0->f-data-sync==0.8.3) (0.4.4)
Requirement already satisfied: wrapt<2,>=1.10 in c:\users\user\appdata\local\packages\pythonsoftwarefoundation.python.3.9_qbz5n2kfra8p0\localcache\local-packages\python39\site-packages (from deprecated->f-data-sync==0.8.3) (1.12.1)
Requirement already satisfied: pytz>=2017.3 in c:\users\user\appdata\local\packages\pythonsoftwarefoundation.python.3.9_qbz5n2kfra8p0\localcache\local-packages\python39\site-packages (from pandas->f-data-sync==0.8.3) (2021.1)
Requirement already satisfied: python-dateutil>=2.7.3 in c:\users\user\appdata\local\packages\pythonsoftwarefoundation.python.3.9_qbz5n2kfra8p0\localcache\local-packages\python39\site-packages (from pandas->f-data-sync==0.8.3) (2.8.1)
Requirement already satisfied: numpy>=1.16.5 in c:\users\user\appdata\local\packages\pythonsoftwarefoundation.python.3.9_qbz5n2kfra8p0\localcache\local-packages\python39\site-packages (from pandas->f-data-sync==0.8.3) (1.20.3)
Requirement already satisfied: six>=1.5 in c:\users\user\appdata\local\packages\pythonsoftwarefoundation.python.3.9_qbz5n2kfra8p0\localcache\local-packages\python39\site-packages (from python-dateutil>=2.7.3->pandas->f-data-sync==0.8.3) (1.16.0)
Installing collected packages: Click, f-data-sync
  WARNING: The script f_data_sync.exe is installed in 'C:\Users\User\AppData\Local\Packages\PythonSoftwareFoundation.Python.3.9_qbz5n2kfra8p0\LocalCache\local-packages\Python39\Scripts' which is not on PATH.
  Consider adding this directory to PATH or, if you prefer to suppress this warning, use --no-warn-script-location.
Successfully installed Click-8.0.1 f-data-sync-0.8.3

C:\Users\User\Desktop\Fusion\Database automation\Stats Can\LTO-Util-Software-f_data_sync\dist>pip list
Package                Version
---------------------- ---------
argon2-cffi            20.1.0
astroid                2.5.6
async-generator        1.10
attrs                  21.2.0
autopep8               1.5.7
backcall               0.2.0
beautifulsoup4         4.9.3
bleach                 3.3.0
bs4                    0.0.1
certifi                2021.5.30
cffi                   1.14.5
chardet                4.0.0
click                  8.0.1
colorama               0.4.4
cycler                 0.10.0
decorator              5.0.9
defusedxml             0.7.1
Deprecated             1.2.12
entrypoints            0.3
f-data-sync            0.8.3
greenlet               1.1.0
idna                   2.10
importlib-metadata     4.5.0
ipykernel              5.5.5
ipython                7.24.1
ipython-genutils       0.2.0
ipywidgets             7.6.3
isort                  5.8.0
jedi                   0.18.0
Jinja2                 3.0.1
jsonschema             3.2.0
jupyter                1.0.0
jupyter-client         6.1.12
jupyter-console        6.4.0
jupyter-core           4.7.1
jupyterlab-pygments    0.1.2
jupyterlab-widgets     1.0.0
keyring                23.0.1
kiwisolver             1.3.1
lazy-object-proxy      1.6.0
MarkupSafe             2.0.1
matplotlib             3.4.2
matplotlib-inline      0.1.2
mccabe                 0.6.1
mistune                0.8.4
mysql-connector-python 8.0.25
nbclient               0.5.3
nbconvert              6.0.7
nbformat               5.1.3
nest-asyncio           1.5.1
notebook               6.4.0
numpy                  1.20.3
packaging              20.9
pandas                 1.2.4
pandocfilters          1.4.3
parso                  0.8.2
pep8                   1.7.1
pickleshare            0.7.5
Pillow                 8.2.0
pip                    21.1.2
prometheus-client      0.11.0
prompt-toolkit         3.0.18
protobuf               3.17.3
pycodestyle            2.7.0
pycparser              2.20
pycryptodomex          3.10.1
Pygments               2.9.0
pylint                 2.8.3
pyparsing              2.4.7
pyrsistent             0.17.3
python-dateutil        2.8.1
pytz                   2021.1
pywin32                301
pywin32-ctypes         0.2.0
pywinpty               1.1.2
pyzmq                  22.1.0
qtconsole              5.1.0
QtPy                   1.9.0
requests               2.25.1
Send2Trash             1.5.0
six                    1.16.0
soupsieve              2.2.1
SQLAlchemy             1.4.18
terminado              0.10.1
testpath               0.5.0
toml                   0.10.2
tornado                6.1
traitlets              5.0.5
typed-ast              1.4.3
urllib3                1.26.5
wcwidth                0.2.5
webencodings           0.5.1
wheel                  0.36.2
widgetsnbextension     3.5.1
wrapt                  1.12.1
zipp                   3.4.1

C:\Users\User\Desktop\Fusion\Database automation\Stats Can\LTO-Util-Software-f_data_sync\dist>pip list
Package                Version
---------------------- ---------
argon2-cffi            20.1.0
astroid                2.5.6
async-generator        1.10
attrs                  21.2.0
autopep8               1.5.7
backcall               0.2.0
beautifulsoup4         4.9.3
bleach                 3.3.0
bs4                    0.0.1
certifi                2021.5.30
cffi                   1.14.5
chardet                4.0.0
click                  8.0.1
colorama               0.4.4
cycler                 0.10.0
decorator              5.0.9
defusedxml             0.7.1
Deprecated             1.2.12
entrypoints            0.3
f-data-sync            0.8.3
greenlet               1.1.0
idna                   2.10
importlib-metadata     4.5.0
ipykernel              5.5.5
ipython                7.24.1
ipython-genutils       0.2.0
ipywidgets             7.6.3
isort                  5.8.0
jedi                   0.18.0
Jinja2                 3.0.1
jsonschema             3.2.0
jupyter                1.0.0
jupyter-client         6.1.12
jupyter-console        6.4.0
jupyter-core           4.7.1
jupyterlab-pygments    0.1.2
jupyterlab-widgets     1.0.0
keyring                23.0.1
kiwisolver             1.3.1
lazy-object-proxy      1.6.0
MarkupSafe             2.0.1
matplotlib             3.4.2
matplotlib-inline      0.1.2
mccabe                 0.6.1
mistune                0.8.4
mysql-connector-python 8.0.25
nbclient               0.5.3
nbconvert              6.0.7
nbformat               5.1.3
nest-asyncio           1.5.1
notebook               6.4.0
numpy                  1.20.3
packaging              20.9
pandas                 1.2.4
pandocfilters          1.4.3
parso                  0.8.2
pep8                   1.7.1
pickleshare            0.7.5
Pillow                 8.2.0
pip                    21.1.2
prometheus-client      0.11.0
prompt-toolkit         3.0.18
protobuf               3.17.3
pycodestyle            2.7.0
pycparser              2.20
pycryptodomex          3.10.1
Pygments               2.9.0
pylint                 2.8.3
pyparsing              2.4.7
pyrsistent             0.17.3
python-dateutil        2.8.1
pytz                   2021.1
pywin32                301
pywin32-ctypes         0.2.0
pywinpty               1.1.2
pyzmq                  22.1.0
qtconsole              5.1.0
QtPy                   1.9.0
requests               2.25.1
Send2Trash             1.5.0
six                    1.16.0
soupsieve              2.2.1
SQLAlchemy             1.4.18
terminado              0.10.1
testpath               0.5.0
toml                   0.10.2
tornado                6.1
traitlets              5.0.5
typed-ast              1.4.3
urllib3                1.26.5
wcwidth                0.2.5
webencodings           0.5.1
wheel                  0.36.2
widgetsnbextension     3.5.1
wrapt                  1.12.1
zipp                   3.4.1

C:\Users\User\Desktop\Fusion\Database automation\Stats Can\LTO-Util-Software-f_data_sync\dist>dir
 Volume in drive C has no label.
 Volume Serial Number is B614-6956

 Directory of C:\Users\User\Desktop\Fusion\Database automation\Stats Can\LTO-Util-Software-f_data_sync\dist

06/18/2021  11:09 AM    <DIR>          .
06/18/2021  11:09 AM    <DIR>          ..
06/18/2021  11:09 AM            20,233 f_data_sync-0.8.3-py2.py3-none-any.whl
               1 File(s)         20,233 bytes
               2 Dir(s)  365,511,938,048 bytes free

C:\Users\User\Desktop\Fusion\Database automation\Stats Can\LTO-Util-Software-f_data_sync\dist>